Renesas Optimizing Linker (W2.08.00 )             06-Aug-2018 14:43:15

*** Options ***

-subcommand=DefaultBuild\neo_pixel_driver.clnk
-Input=DefaultBuild\cstart.obj
-Input=DefaultBuild\r_cg_main.obj
-Input=DefaultBuild\r_cg_systeminit.obj
-Input=DefaultBuild\r_cg_cgc.obj
-Input=DefaultBuild\r_cg_cgc_user.obj
-Input=DefaultBuild\r_cg_wdt.obj
-Input=DefaultBuild\r_cg_wdt_user.obj
-Input=DefaultBuild\r_cg_sau.obj
-Input=DefaultBuild\r_cg_sau_user.obj
-Input=DefaultBuild\ost45050c1a_w.obj
-Input=DefaultBuild\r_cg_port.obj
-Input=DefaultBuild\r_cg_port_user.obj
-Input=DefaultBuild\r_cg_it.obj
-Input=DefaultBuild\r_cg_it_user.obj
-Input=DefaultBuild\user_main.obj
-SECURITY_ID=00000000000000000000
-DEVICE=C:\Program Files (x86)\Renesas Electronics\CS+\CC\Device\RL78\Devicefile\DR5F10Y47.DVF
-DEBug
-NOCOmpress
-NOOPtimize
-OUtput=DefaultBuild\neo_pixel_driver.abs
-LIBrary=C:\Program Files (x86)\Renesas Electronics\CS+\CC\CC-RL\V1.06.00\lib\rl78nm4s.lib
-LIBrary=C:\Program Files (x86)\Renesas Electronics\CS+\CC\CC-RL\V1.06.00\lib\malloc_n.lib
-LIBrary=C:\Program Files (x86)\Renesas Electronics\CS+\CC\CC-RL\V1.06.00\lib\rl78nm4r.lib
-OCDBG=85
-DEBUG_MONITOR
-USER_OPT_BYTE=FFFFF9
-RRM=FFEDC
-LISt=DefaultBuild\neo_pixel_driver.map
-STARt=DEBUG_MONITOR1/00002,ONCHIP_OPTION_BYTE/000C3,SECURITY_ID_SECTION/000C4,DEBUG_MONITOR2/000CE,.const,.text,.RLIB,.SLIB,.textf,.constf,.data,.sdata/000D8,.dataR,.bss/FFCE0,.sdataR,.sbss/FFE20
-ROm=.data=.dataR
-ROm=.sdata=.sdataR
-NOMessage
-MEMory=High
-NOLOgo
-end

*** Error information ***

W0561100:Cannot find "DEBUG_MONITOR1" specified in option "start"
W0561100:Cannot find "ONCHIP_OPTION_BYTE" specified in option "start"
W0561100:Cannot find "SECURITY_ID_SECTION" specified in option "start"
W0561100:Cannot find "DEBUG_MONITOR2" specified in option "start"

*** Mapping List ***

SECTION                            START      END         SIZE   ALIGN
.vect
                                  00000000  0000007f        80   0
.option_byte
                                  000000c0  000000c3         4   1
.security_id
                                  000000c4  000000cd         a   1
.monitor1
                                  000000ce  000000d7         a   1
.const
                                  000000d8  000000d8         0   2
.text
                                  000000d8  00000901       82a   1
.RLIB
                                  00000902  00000902         0   1
.SLIB
                                  00000902  00000902         0   1
.textf
                                  00000902  00000902         0   1
.constf
                                  00000902  00000902         0   2
.data
                                  00000902  00000902         0   2
.sdata
                                  00000902  00000902         0   2
.dataR
                                  000ffce0  000ffce0         0   2
.bss
                                  000ffce0  000ffcfd        1e   2
.sdataR
                                  000ffe20  000ffe20         0   2
.sbss
                                  000ffe20  000ffe20         0   2
